// Jest Snapshot v1, https://goo.gl/fbAQLP

exports[`Testing Footer > SectionTitle should render match snapshot 1`] = `
<h2
  className="root-0-2-1"
  data-test=""
>
  Section
</h2>
`;
