// Jest Snapshot v1, https://goo.gl/fbAQLP

exports[`Testing Button component should render match snapshot 1`] = `
<button
  className="root-0-2-1"
  data-test="component-button-root"
>
  Button
</button>
`;
