// Jest Snapshot v1, https://goo.gl/fbAQLP

exports[`Testing Input component > FieldError should render match snapshot 1`] = `
<p
  className="root-0-2-1"
>
  Some error
</p>
`;
